(0000) 3000  0011000000000000 (   7)                 .ORIG x3000
(3000) E003  1110000000000011 (   8)                 LEA   R0 array
(3001) 4809  0100100000001001 (   9)                 JSR   GAP_A55
(3002) 0E02  0000111000000010 (  10) stop            BRNZP stop
(3003) 0070  0000000001110000 (  12) array           .FILL x0070
(3004) FFE5  1111111111100101 (  13)                 .FILL xFFE5
(3005) FFF4  1111111111110100 (  14)                 .FILL xFFF4
(3006) 002D  0000000000101101 (  15)                 .FILL x002D
(3007) 000F  0000000000001111 (  16)                 .FILL x000F
(3008) 0000  0000000000000000 (  17)                 .FILL x0000
(3009) 3233  0011001000110011 (  19) GAP_A55         ST    R1 sr1
(300A) 3434  0011010000110100 (  20)                 ST    R2 sr2
(300B) 3635  0011011000110101 (  21)                 ST    R3 sr3
(300C) 3836  0011100000110110 (  22)                 ST    R4 sr4
(300D) 3A37  0011101000110111 (  23)                 ST    R5 sr5
(300E) 3C38  0011110000111000 (  24)                 ST    R6 sr6
(300F) 56E0  0101011011100000 (  26)                 AND   R3 R3 #0
(3010) 5920  0101100100100000 (  27)                 AND   R4 R4 #0
(3011) 1220  0001001000100000 (  28)                 ADD   R1 R0 #0
(3012) 6440  0110010001000000 (  29)                 LDR   R2 R1 #0
(3013) 042A  0000010000101010 (  30)                 BRZ   fine
(3014) 0217  0000001000010111 (  31)                 BRP   giapos
(3015) 94BF  1001010010111111 (  33)                 NOT   R2 R2
(3016) 14A1  0001010010100001 (  34)                 ADD   R2 R2 #1
(3017) 16A0  0001011010100000 (  35) giapos          ADD   R3 R2 #0
(3018) 18A0  0001100010100000 (  36)                 ADD   R4 R2 #0
(3019) 1261  0001001001100001 (  37)                 ADD   R1 R1 #1
(301A) 6440  0110010001000000 (  39) ciclo           LDR   R2 R1 #0
(301B) 042A  0000010000101010 (  40)                 BRZ   fine
(301C) 021F  0000001000011111 (  41)                 BRP   giavalass
(301D) 94BF  1001010010111111 (  43)                 NOT   R2 R2
(301E) 14A1  0001010010100001 (  44)                 ADD   R2 R2 #1
(301F) 9ABF  1001101010111111 (  46) giavalass       NOT   R5 R2
(3020) 1B61  0001101101100001 (  47)                 ADD   R5 R5 #1
(3021) 1D43  0001110101000011 (  48)                 ADD   R6 R5 R3
(3022) 0625  0000011000100101 (  49)                 BRZP  nonumMAX
(3023) 1760  0001011101100000 (  50)                 ADD   R3 R5 #0
(3024) 0E28  0000111000101000 (  51)                 BRNZP next
(3025) 1D44  0001110101000100 (  53) nonumMAX        ADD   R6 R5 R4
(3026) 0C28  0000110000101000 (  54)                 BRNZ  next
(3027) 1960  0001100101100000 (  55)                 ADD   R4 R5 #0
(3028) 1261  0001001001100001 (  57) next            ADD   R1 R1 #1
(3029) 0E2A  0000111000101010 (  58)                 BRNZP fine
(302A) 993F  1001100100111111 (  60) fine            NOT   R4 R4
(302B) 1921  0001100100100001 (  61)                 ADD   R4 R4 #1
(302C) 10C4  0001000011000100 (  62)                 ADD   R0 R3 R4
(302D) 2233  0010001000110011 (  64)                 LD    R1 sr1
(302E) 2434  0010010000110100 (  65)                 LD    R2 sr2
(302F) 2635  0010011000110101 (  66)                 LD    R3 sr3
(3030) 2836  0010100000110110 (  67)                 LD    R4 sr4
(3031) 2A37  0010101000110111 (  68)                 LD    R5 sr5
(3032) D000  1101000000000000 (  69)                 RET   
(3033) 0000  0000000000000000 (  71) sr1             .FILL x0000
(3034) 0000  0000000000000000 (  72) sr2             .FILL x0000
(3035) 0000  0000000000000000 (  73) sr3             .FILL x0000
(3036) 0000  0000000000000000 (  74) sr4             .FILL x0000
(3037) 0000  0000000000000000 (  75) sr5             .FILL x0000
(3038) 0000  0000000000000000 (  77) sr6             .FILL x0000
