(0000) 3000  0011000000000000 (   7)                 .ORIG x3000
(3000) E003  1110000000000011 (   8)                 LEA   R0 array
(3001) 4809  0100100000001001 (   9)                 JSR   GAP_A55
(3002) 0E02  0000111000000010 (  10) stop            BRNZP stop
(3003) 0070  0000000001110000 (  12) array           .FILL x0070
(3004) FFE5  1111111111100101 (  13)                 .FILL xFFE5
(3005) FFF4  1111111111110100 (  14)                 .FILL xFFF4
(3006) 002D  0000000000101101 (  15)                 .FILL x002D
(3007) 000F  0000000000001111 (  16)                 .FILL x000F
(3008) 0000  0000000000000000 (  17)                 .FILL x0000
(3009) 3237  0011001000110111 (  19) GAP_A55         ST    R1 sr1
(300A) 3438  0011010000111000 (  20)                 ST    R2 sr2
(300B) 3639  0011011000111001 (  21)                 ST    R3 sr3
(300C) 383A  0011100000111010 (  22)                 ST    R4 sr4
(300D) 3A3B  0011101000111011 (  23)                 ST    R5 sr5
(300E) 1220  0001001000100000 (  25)                 ADD   R1 R0 #0
(300F) 6440  0110010001000000 (  26)                 LDR   R2 R1 #0
(3010) 0431  0000010000110001 (  27)                 BRZ   fine
(3011) 0214  0000001000010100 (  28)                 BRP   giapos
(3012) 94BF  1001010010111111 (  30)                 NOT   R2 R2
(3013) 14A0  0001010010100000 (  31)                 ADD   R2 R2 #0
(3014) 16A0  0001011010100000 (  32) giapos          ADD   R3 R2 #0
(3015) 18A0  0001100010100000 (  33)                 ADD   R4 R2 #0
(3016) 1261  0001001001100001 (  34)                 ADD   R1 R1 #1
(3017) 6440  0110010001000000 (  36) ciclo           LDR   R2 R1 #0
(3018) 042E  0000010000101110 (  37)                 BRZ   somma
(3019) 081C  0000100000011100 (  38)                 BRN   senegativo
(301A) 94BF  1001010010111111 (  40)                 NOT   R2 R2
(301B) 14A1  0001010010100001 (  41)                 ADD   R2 R2 #1
(301C) 1AC2  0001101011000010 (  43) senegativo      ADD   R5 R3 R2
(301D) 0822  0000100000100010 (  44)                 BRN   newMAX
(301E) 1B02  0001101100000010 (  45)                 ADD   R5 R4 R2
(301F) 0228  0000001000101000 (  46)                 BRP   newMIN
(3020) 1261  0001001001100001 (  48) fineciclo       ADD   R1 R1 #1
(3021) 0E17  0000111000010111 (  49)                 BRNZP ciclo
(3022) 16A0  0001011010100000 (  52) newMAX          ADD   R3 R2 #0
(3023) 0825  0000100000100101 (  53)                 BRN   converti1
(3024) 0620  0000011000100000 (  54)                 BRZP  fineciclo
(3025) 96FF  1001011011111111 (  56) converti1       NOT   R3 R3
(3026) 16E1  0001011011100001 (  57)                 ADD   R3 R3 #1
(3027) 0E20  0000111000100000 (  58)                 BRNZP fineciclo
(3028) 1882  0001100010000010 (  60) newMIN          ADD   R4 R2 R2
(3029) 082B  0000100000101011 (  61)                 BRN   converti2
(302A) 0620  0000011000100000 (  62)                 BRZP  fineciclo
(302B) 993F  1001100100111111 (  64) converti2       NOT   R4 R4
(302C) 1921  0001100100100001 (  65)                 ADD   R4 R4 #1
(302D) 0E20  0000111000100000 (  66)                 BRNZP fineciclo
(302E) 993F  1001100100111111 (  68) somma           NOT   R4 R4
(302F) 1921  0001100100100001 (  69)                 ADD   R4 R4 #1
(3030) 10C4  0001000011000100 (  70)                 ADD   R0 R3 R4
(3031) 2237  0010001000110111 (  72) fine            LD    R1 sr1
(3032) 2438  0010010000111000 (  73)                 LD    R2 sr2
(3033) 2639  0010011000111001 (  74)                 LD    R3 sr3
(3034) 283A  0010100000111010 (  75)                 LD    R4 sr4
(3035) 2A3B  0010101000111011 (  76)                 LD    R5 sr5
(3036) D000  1101000000000000 (  77)                 RET   
(3037) 0000  0000000000000000 (  79) sr1             .FILL x0000
(3038) 0000  0000000000000000 (  80) sr2             .FILL x0000
(3039) 0000  0000000000000000 (  81) sr3             .FILL x0000
(303A) 0000  0000000000000000 (  82) sr4             .FILL x0000
(303B) 0000  0000000000000000 (  84) sr5             .FILL x0000
