(0000) 3000  0011000000000000 (   6)                 .ORIG x3000
(3000) E003  1110000000000011 (   7)                 LEA   R0 arr
(3001) 4807  0100100000000111 (   8)                 JSR   sommat
(3002) 0E02  0000111000000010 (   9) stoqui          BRNZP stoqui
(3003) 33FA  0011001111111010 (  11) arr             .FILL x33FA
(3004) 84AE  1000010010101110 (  12)                 .FILL x84AE
(3005) 8000  1000000000000000 (  13)                 .FILL x8000
(3006) 0000  0000000000000000 (  14)                 .FILL x0000
(3007) 2217  0010001000010111 (  16) sommat          LD    R1 salvar1
(3008) 2418  0010010000011000 (  17)                 LD    R2 salvar2
(3009) 2E19  0010111000011001 (  18)                 LD    R7 salvar7
(300A) 6400  0110010000000000 (  20) ciclo           LDR   R2 R0 #0
(300B) 481A  0100100000011010 (  21)                 JSR   trovacomplemento
(300C) 14A0  0001010010100000 (  22)                 ADD   R2 R2 #0
(300D) 0411  0000010000010001 (  23)                 BRZ   fine
(300E) 1242  0001001001000010 (  25)                 ADD   R1 R1 R2
(300F) 1021  0001000000100001 (  26)                 ADD   R0 R0 #1
(3010) 0E0A  0000111000001010 (  27)                 BRNZP ciclo
(3011) 5020  0101000000100000 (  29) fine            AND   R0 R0 #0
(3012) 1060  0001000001100000 (  30)                 ADD   R0 R1 #0
(3013) 3217  0011001000010111 (  31)                 ST    R1 salvar1
(3014) 3418  0011010000011000 (  32)                 ST    R2 salvar2
(3015) 3E19  0011111000011001 (  33)                 ST    R7 salvar7
(3016) D000  1101000000000000 (  34)                 RET   
(3017) 0000  0000000000000000 (  37) salvar1         .FILL x0000
(3018) 0000  0000000000000000 (  38) salvar2         .FILL x0000
(3019) 0000  0000000000000000 (  40) salvar7         .FILL x0000
(301A) 3823  0011100000100011 (  40) trovacomplemento ST    R4 salvar4
(301B) 2824  0010100000100100 (  41)                 LD    R4 mask
(301C) 14A0  0001010010100000 (  42)                 ADD   R2 R2 #0
(301D) 0621  0000011000100001 (  43)                 BRZP  fine1
(301E) 5484  0101010010000100 (  44) neg             AND   R2 R2 R4
(301F) 94BF  1001010010111111 (  45)                 NOT   R2 R2
(3020) 14A1  0001010010100001 (  46)                 ADD   R2 R2 #1
(3021) 2823  0010100000100011 (  47) fine1           LD    R4 salvar4
(3022) D000  1101000000000000 (  48)                 RET   
(3023) 0000  0000000000000000 (  50) salvar4         .FILL x0000
(3024) 7FFF  0111111111111111 (  50) mask            .FILL x7FFF
