(0000) 3000  0011000000000000 (   7)                 .ORIG x3000
(3000) E005  1110000000000101 (   8)                 LEA   R0 array
(3001) 480F  0100100000001111 (   9)                 JSR   TROVA_MAX
(3002) E00A  1110000000001010 (  10)                 LEA   R0 array1
(3003) 480F  0100100000001111 (  11)                 JSR   TROVA_MAX
(3004) 0E04  0000111000000100 (  12) stop            BRNZP stop
(3005) FFC8  1111111111001000 (  13) array           .FILL xFFC8
(3006) 002F  0000000000101111 (  14)                 .FILL x002F
(3007) 000C  0000000000001100 (  15)                 .FILL x000C
(3008) FFF8  1111111111111000 (  16)                 .FILL xFFF8
(3009) 0000  0000000000000000 (  17)                 .FILL x0000
(300A) FFC8  1111111111001000 (  18) array1          .FILL xFFC8
(300B) FFB0  1111111110110000 (  19)                 .FILL xFFB0
(300C) FFF4  1111111111110100 (  20)                 .FILL xFFF4
(300D) FF9C  1111111110011100 (  21)                 .FILL xFF9C
(300E) 0000  0000000000000000 (  22)                 .FILL x0000
(300F) 3223  0011001000100011 (  24) TROVA_MAX       ST    R1 sr1
(3010) 3424  0011010000100100 (  25)                 ST    R2 sr2
(3011) 3625  0011011000100101 (  26)                 ST    R3 sr3
(3012) 6200  0110001000000000 (  28)                 LDR   R1 R0 #0
(3013) 041E  0000010000011110 (  29)                 BRZ   fine
(3014) 1021  0001000000100001 (  30)                 ADD   R0 R0 #1
(3015) 6400  0110010000000000 (  32) ciclo           LDR   R2 R0 #0
(3016) 041E  0000010000011110 (  33)                 BRZ   fine
(3017) 96BF  1001011010111111 (  34)                 NOT   R3 R2
(3018) 16E1  0001011011100001 (  35)                 ADD   R3 R3 #1
(3019) 1643  0001011001000011 (  36)                 ADD   R3 R1 R3
(301A) 061C  0000011000011100 (  37)                 BRZP  noNewMAX
(301B) 12A0  0001001010100000 (  38)                 ADD   R1 R2 #0
(301C) 1021  0001000000100001 (  39) noNewMAX        ADD   R0 R0 #1
(301D) 0E15  0000111000010101 (  40)                 BRNZP ciclo
(301E) 1060  0001000001100000 (  41) fine            ADD   R0 R1 #0
(301F) 2223  0010001000100011 (  42)                 LD    R1 sr1
(3020) 2424  0010010000100100 (  43)                 LD    R2 sr2
(3021) 2625  0010011000100101 (  44)                 LD    R3 sr3
(3022) D000  1101000000000000 (  45)                 RET   
(3023) 0000  0000000000000000 (  47) sr1             .FILL x0000
(3024) 0000  0000000000000000 (  48) sr2             .FILL x0000
(3025) 0000  0000000000000000 (  50) sr3             .FILL x0000
