(0000) 3000  0011000000000000 (  10)                 .ORIG x3000
(3000) E004  1110000000000100 (  11)                 LEA   R0 array
(3001) E209  1110001000001001 (  12)                 LEA   R1 farray
(3002) 480A  0100100000001010 (  13)                 JSR   CONTA_PARI_DISPARI
(3003) 0E03  0000111000000011 (  14) STOQUI          BRNZP STOQUI
(3004) 007A  0000000001111010 (  18) array           .FILL x007A
(3005) FFE5  1111111111100101 (  19)                 .FILL xFFE5
(3006) FB30  1111101100110000 (  20)                 .FILL xFB30
(3007) 01C2  0000000111000010 (  21)                 .FILL x01C2
(3008) 000F  0000000000001111 (  22)                 .FILL x000F
(3009) 0078  0000000001111000 (  23) farray          .FILL x0078
(300A) 3421  0011010000100001 (  27) CONTA_PARI_DISPARI ST    R2 sr2
(300B) 3622  0011011000100010 (  28)                 ST    R3 sr3
(300C) 3823  0011100000100011 (  29)                 ST    R4 sr4
(300D) 1420  0001010000100000 (  31)                 ADD   R2 R0 #0
(300E) 5020  0101000000100000 (  32)                 AND   R0 R0 #0
(300F) 1660  0001011001100000 (  33)                 ADD   R3 R1 #0
(3010) 5260  0101001001100000 (  34)                 AND   R1 R1 #0
(3011) 96FF  1001011011111111 (  36)                 NOT   R3 R3
(3012) 16E1  0001011011100001 (  37)                 ADD   R3 R3 #1
(3013) 1883  0001100010000011 (  38) ciclo           ADD   R4 R2 R3
(3014) 021D  0000001000011101 (  39)                 BRP   fine
(3015) 6880  0110100010000000 (  41)                 LDR   R4 R2 #0
(3016) 5921  0101100100100001 (  42)                 AND   R4 R4 #1
(3017) 041A  0000010000011010 (  44)                 BRZ   PARI
(3018) 1261  0001001001100001 (  47)                 ADD   R1 R1 #1
(3019) 0E1B  0000111000011011 (  48)                 BRNZP prossimo
(301A) 1021  0001000000100001 (  51) PARI            ADD   R0 R0 #1
(301B) 14A1  0001010010100001 (  53) prossimo        ADD   R2 R2 #1
(301C) 0E13  0000111000010011 (  54)                 BRNZP ciclo
(301D) 2421  0010010000100001 (  56) fine            LD    R2 sr2
(301E) 2622  0010011000100010 (  57)                 LD    R3 sr3
(301F) 2823  0010100000100011 (  58)                 LD    R4 sr4
(3020) D000  1101000000000000 (  59)                 RET   
(3021) 0000  0000000000000000 (  64) sr2             .FILL x0000
(3022) 0000  0000000000000000 (  65) sr3             .FILL x0000
(3023) 0000  0000000000000000 (  68) sr4             .FILL x0000
