(0000) 3000  0011000000000000 (  12)                 .ORIG x3000
(3000) 2013  0010000000010011 (  13)                 LD    R0 num1
(3001) 2214  0010001000010100 (  14)                 LD    R1 num2
(3002) 481A  0100100000011010 (  15)                 JSR   sommaou
(3003) 2013  0010000000010011 (  16)                 LD    R0 num1
(3004) 2215  0010001000010101 (  17)                 LD    R1 num3
(3005) 481A  0100100000011010 (  18)                 JSR   sommaou
(3006) 2015  0010000000010101 (  19)                 LD    R0 num3
(3007) 2215  0010001000010101 (  20)                 LD    R1 num3
(3008) 481A  0100100000011010 (  21)                 JSR   sommaou
(3009) 2017  0010000000010111 (  22)                 LD    R0 num5
(300A) 2218  0010001000011000 (  23)                 LD    R1 num6
(300B) 481A  0100100000011010 (  24)                 JSR   sommaou
(300C) 2017  0010000000010111 (  25)                 LD    R0 num5
(300D) 2219  0010001000011001 (  26)                 LD    R1 num7
(300E) 481A  0100100000011010 (  27)                 JSR   sommaou
(300F) 2013  0010000000010011 (  28)                 LD    R0 num1
(3010) 2218  0010001000011000 (  29)                 LD    R1 num6
(3011) 481A  0100100000011010 (  30)                 JSR   sommaou
(3012) 0E12  0000111000010010 (  31) stoqui          BRNZP stoqui
(3013) 7FFF  0111111111111111 (  33) num1            .FILL x7FFF
(3014) 0005  0000000000000101 (  34) num2            .FILL x0005
(3015) 000A  0000000000001010 (  35) num3            .FILL x000A
(3016) 0000  0000000000000000 (  36) num4            .FILL x0000
(3017) 8000  1000000000000000 (  37) num5            .FILL x8000
(3018) FFFB  1111111111111011 (  38) num6            .FILL xFFFB
(3019) FFF6  1111111111110110 (  39) num7            .FILL xFFF6
(301A) 1020  0001000000100000 (  41) sommaou         ADD   R0 R0 #0
(301B) 0820  0000100000100000 (  42)                 BRN   n1neg
(301C) 061D  0000011000011101 (  43)                 BRZP  n1pos
(301D) 5241  0101001001000001 (  46) n1pos           AND   R1 R1 R1
(301E) 0C23  0000110000100011 (  47)                 BRNZ  disc
(301F) 0225  0000001000100101 (  48)                 BRP   concpos
(3020) 5241  0101001001000001 (  51) n1neg           AND   R1 R1 R1
(3021) 0623  0000011000100011 (  52)                 BRZP  disc
(3022) 0828  0000100000101000 (  53)                 BRN   concneg
(3023) 1240  0001001001000000 (  55) disc            ADD   R1 R1 R0
(3024) 0E2B  0000111000101011 (  56)                 BRNZP sommaok
(3025) 1240  0001001001000000 (  58) concpos         ADD   R1 R1 R0
(3026) 082D  0000100000101101 (  59)                 BRN   overflow
(3027) 062B  0000011000101011 (  60)                 BRZP  sommaok
(3028) 1240  0001001001000000 (  62) concneg         ADD   R1 R1 R0
(3029) 0230  0000001000110000 (  63)                 BRP   underflow
(302A) 0C2B  0000110000101011 (  64)                 BRNZ  sommaok
(302B) 5020  0101000000100000 (  67) sommaok         AND   R0 R0 #0
(302C) D000  1101000000000000 (  68)                 RET   
(302D) 5020  0101000000100000 (  70) overflow        AND   R0 R0 #0
(302E) 1021  0001000000100001 (  71)                 ADD   R0 R0 #1
(302F) D000  1101000000000000 (  72)                 RET   
(3030) 5020  0101000000100000 (  74) underflow       AND   R0 R0 #0
(3031) 103F  0001000000111111 (  75)                 ADD   R0 R0 #-1
(3032) D000  1101000000000000 (  76)                 RET   
