(0000) 3000  0011000000000000 (  10)                 .ORIG x3000
(3000) E003  1110000000000011 (  11)                 LEA   R0 stringa
(3001) 480C  0100100000001100 (  12)                 JSR   CONV_MAIUS
(3002) 0E02  0000111000000010 (  13) stoqui          BRNZP stoqui
(3003) 0073  0000000001110011 (  14) stringa         .FILL x0073
(3004) 0074  0000000001110100 (  14)                 .FILL x0074
(3005) 0072  0000000001110010 (  14)                 .FILL x0072
(3006) 0020  0000000000100000 (  14)                 .FILL x0020
(3007) 0069  0000000001101001 (  14)                 .FILL x0069
(3008) 006E  0000000001101110 (  14)                 .FILL x006E
(3009) 0067  0000000001100111 (  14)                 .FILL x0067
(300A) 0041  0000000001000001 (  14)                 .FILL x0041
(300B) 0000  0000000000000000 (  14)                 .FILL x0000
(300C) 3225  0011001000100101 (  16) CONV_MAIUS      ST    R1 sr1
(300D) 3426  0011010000100110 (  17)                 ST    R2 sr2
(300E) 3627  0011011000100111 (  18)                 ST    R3 sr3
(300F) 3828  0011100000101000 (  19)                 ST    R4 sr4
(3010) 3A29  0011101000101001 (  20)                 ST    R5 sr5
(3011) 282B  0010100000101011 (  22)                 LD    R4 imm90
(3012) 262A  0010011000101010 (  23)                 LD    R3 imm32
(3013) 1220  0001001000100000 (  24)                 ADD   R1 R0 #0
(3014) 5020  0101000000100000 (  25)                 AND   R0 R0 #0
(3015) 6440  0110010001000000 (  27) ciclo           LDR   R2 R1 #0
(3016) 041F  0000010000011111 (  28)                 BRZ   fine
(3017) 1A84  0001101010000100 (  30)                 ADD   R5 R2 R4
(3018) 081D  0000100000011101 (  31)                 BRN   prossimo
(3019) 262A  0010011000101010 (  32)                 LD    R3 imm32
(301A) 1021  0001000000100001 (  34)                 ADD   R0 R0 #1
(301B) 1483  0001010010000011 (  35)                 ADD   R2 R2 R3
(301C) 7440  0111010001000000 (  36)                 STR   R2 R1 #0
(301D) 1261  0001001001100001 (  38) prossimo        ADD   R1 R1 #1
(301E) 0E15  0000111000010101 (  39)                 BRNZP ciclo
(301F) 2225  0010001000100101 (  41) fine            LD    R1 sr1
(3020) 2426  0010010000100110 (  42)                 LD    R2 sr2
(3021) 2627  0010011000100111 (  43)                 LD    R3 sr3
(3022) 2828  0010100000101000 (  44)                 LD    R4 sr4
(3023) 2A29  0010101000101001 (  45)                 LD    R5 sr5
(3024) D000  1101000000000000 (  46)                 RET   
(3025) 0000  0000000000000000 (  49) sr1             .FILL x0000
(3026) 0000  0000000000000000 (  50) sr2             .FILL x0000
(3027) 0000  0000000000000000 (  51) sr3             .FILL x0000
(3028) 0000  0000000000000000 (  52) sr4             .FILL x0000
(3029) 0000  0000000000000000 (  53) sr5             .FILL x0000
(302A) FFE0  1111111111100000 (  53) imm32           .FILL xFFE0
(302B) FF9F  1111111110011111 (  54) imm90           .FILL xFF9F
