(0000) 3000  0011000000000000 (   7)                 .ORIG x3000
(3000) E004  1110000000000100 (   8)                 LEA   R0 array
(3001) E208  1110001000001000 (   9)                 LEA   R1 endA
(3002) 4809  0100100000001001 (  10)                 JSR   decrescenti
(3003) 0E03  0000111000000011 (  11) stoqui          BRNZP stoqui
(3004) 000A  0000000000001010 (  12) array           .FILL x000A
(3005) 0014  0000000000010100 (  13)                 .FILL x0014
(3006) 001E  0000000000011110 (  14)                 .FILL x001E
(3007) 0028  0000000000101000 (  15)                 .FILL x0028
(3008) 0032  0000000000110010 (  16) endA            .FILL x0032
(3009) 341B  0011010000011011 (  18) decrescenti     ST    R2 salvar2
(300A) 361C  0011011000011100 (  19)                 ST    R3 salvar3
(300B) 947F  1001010001111111 (  21) ciclo           NOT   R2 R1
(300C) 14A1  0001010010100001 (  22)                 ADD   R2 R2 #1
(300D) 1402  0001010000000010 (  24)                 ADD   R2 R0 R2
(300E) 0617  0000011000010111 (  25)                 BRZP  fine
(300F) 6400  0110010000000000 (  27)                 LDR   R2 R0 #0
(3010) 6640  0110011001000000 (  28)                 LDR   R3 R1 #0
(3011) 0E12  0000111000010010 (  29)                 BRNZP scambio
(3012) 7440  0111010001000000 (  31) scambio         STR   R2 R1 #0
(3013) 7600  0111011000000000 (  32)                 STR   R3 R0 #0
(3014) 1021  0001000000100001 (  33)                 ADD   R0 R0 #1
(3015) 127F  0001001001111111 (  34)                 ADD   R1 R1 #-1
(3016) 0E0B  0000111000001011 (  35)                 BRNZP ciclo
(3017) 241B  0010010000011011 (  37) fine            LD    R2 salvar2
(3018) 261C  0010011000011100 (  38)                 LD    R3 salvar3
(3019) 281D  0010100000011101 (  39)                 LD    R4 salvar4
(301A) D000  1101000000000000 (  40)                 RET   
(301B) 0000  0000000000000000 (  43) salvar2         .FILL x0000
(301C) 0000  0000000000000000 (  44) salvar3         .FILL x0000
(301D) 0000  0000000000000000 (  46) salvar4         .FILL x0000
