(0000) 3000  0011000000000000 (   6)                 .ORIG x3000
(3000) 2213  0010001000010011 (   7)                 LD    R1 n1
(3001) 2414  0010010000010100 (   8)                 LD    R2 n2
(3002) 4817  0100100000010111 (   9)                 JSR   confr
(3003) 2213  0010001000010011 (  11)                 LD    R1 n1
(3004) 2413  0010010000010011 (  12)                 LD    R2 n1
(3005) 4817  0100100000010111 (  13)                 JSR   confr
(3006) 2214  0010001000010100 (  15)                 LD    R1 n2
(3007) 2413  0010010000010011 (  16)                 LD    R2 n1
(3008) 4817  0100100000010111 (  17)                 JSR   confr
(3009) 2214  0010001000010100 (  19)                 LD    R1 n2
(300A) 2416  0010010000010110 (  20)                 LD    R2 n4
(300B) 4817  0100100000010111 (  21)                 JSR   confr
(300C) 2215  0010001000010101 (  23)                 LD    R1 n3
(300D) 2416  0010010000010110 (  24)                 LD    R2 n4
(300E) 4817  0100100000010111 (  25)                 JSR   confr
(300F) 2213  0010001000010011 (  27)                 LD    R1 n1
(3010) 2415  0010010000010101 (  28)                 LD    R2 n3
(3011) 4817  0100100000010111 (  29)                 JSR   confr
(3012) 0E12  0000111000010010 (  30) stoqui          BRNZP stoqui
(3013) 000A  0000000000001010 (  32) n1              .FILL x000A
(3014) 0014  0000000000010100 (  33) n2              .FILL x0014
(3015) FFF6  1111111111110110 (  34) n3              .FILL xFFF6
(3016) FFEC  1111111111101100 (  35) n4              .FILL xFFEC
(3017) 3226  0011001000100110 (  37) confr           ST    R1 salvar1
(3018) 3427  0011010000100111 (  38)                 ST    R2 salvar2
(3019) 5020  0101000000100000 (  39)                 AND   R0 R0 #0
(301A) 94BF  1001010010111111 (  40)                 NOT   R2 R2
(301B) 14A1  0001010010100001 (  41)                 ADD   R2 R2 #1
(301C) 1242  0001001001000010 (  42)                 ADD   R1 R1 R2
(301D) 0820  0000100000100000 (  43)                 BRN   seneg
(301E) 0222  0000001000100010 (  44)                 BRP   sepos
(301F) 0E23  0000111000100011 (  45)                 BRNZP fine
(3020) 103F  0001000000111111 (  47) seneg           ADD   R0 R0 #-1
(3021) 0E23  0000111000100011 (  48)                 BRNZP fine
(3022) 1021  0001000000100001 (  50) sepos           ADD   R0 R0 #1
(3023) 2226  0010001000100110 (  52) fine            LD    R1 salvar1
(3024) 2427  0010010000100111 (  53)                 LD    R2 salvar2
(3025) D000  1101000000000000 (  54)                 RET   
(3026) 0000  0000000000000000 (  57) salvar1         .FILL x0000
(3027) 0000  0000000000000000 (  58) salvar2         .FILL x0000
