(0000) 3000  0011000000000000 (   9)                 .ORIG x3000
(3000) E213  1110001000010011 (  10)                 LEA   R1 n1
(3001) E414  1110010000010100 (  11)                 LEA   R2 n2
(3002) 4817  0100100000010111 (  12)                 JSR   confr
(3003) E213  1110001000010011 (  14)                 LEA   R1 n1
(3004) E413  1110010000010011 (  15)                 LEA   R2 n1
(3005) 4817  0100100000010111 (  16)                 JSR   confr
(3006) E214  1110001000010100 (  18)                 LEA   R1 n2
(3007) E413  1110010000010011 (  19)                 LEA   R2 n1
(3008) 4817  0100100000010111 (  20)                 JSR   confr
(3009) E214  1110001000010100 (  22)                 LEA   R1 n2
(300A) E416  1110010000010110 (  23)                 LEA   R2 n4
(300B) 4817  0100100000010111 (  24)                 JSR   confr
(300C) E215  1110001000010101 (  26)                 LEA   R1 n3
(300D) E416  1110010000010110 (  27)                 LEA   R2 n4
(300E) 4817  0100100000010111 (  28)                 JSR   confr
(300F) E213  1110001000010011 (  30)                 LEA   R1 n1
(3010) E415  1110010000010101 (  31)                 LEA   R2 n3
(3011) 4817  0100100000010111 (  32)                 JSR   confr
(3012) 0E12  0000111000010010 (  33) stoqui          BRNZP stoqui
(3013) 000A  0000000000001010 (  35) n1              .FILL x000A
(3014) 0014  0000000000010100 (  36) n2              .FILL x0014
(3015) FFF6  1111111111110110 (  37) n3              .FILL xFFF6
(3016) FFEC  1111111111101100 (  38) n4              .FILL xFFEC
(3017) 3228  0011001000101000 (  41) confr           ST    R1 salvar1
(3018) 3429  0011010000101001 (  42)                 ST    R2 salvar2
(3019) 5020  0101000000100000 (  43)                 AND   R0 R0 #0
(301A) 6240  0110001001000000 (  46)                 LDR   R1 R1 #0
(301B) 6480  0110010010000000 (  47)                 LDR   R2 R2 #0
(301C) 94BF  1001010010111111 (  49)                 NOT   R2 R2
(301D) 14A1  0001010010100001 (  50)                 ADD   R2 R2 #1
(301E) 1242  0001001001000010 (  51)                 ADD   R1 R1 R2
(301F) 0822  0000100000100010 (  52)                 BRN   seneg
(3020) 0224  0000001000100100 (  53)                 BRP   sepos
(3021) 0E25  0000111000100101 (  54)                 BRNZP fine
(3022) 103F  0001000000111111 (  56) seneg           ADD   R0 R0 #-1
(3023) 0E25  0000111000100101 (  57)                 BRNZP fine
(3024) 1021  0001000000100001 (  59) sepos           ADD   R0 R0 #1
(3025) A228  1010001000101000 (  61) fine            LDI   R1 salvar1
(3026) A429  1010010000101001 (  62)                 LDI   R2 salvar2
(3027) D000  1101000000000000 (  63)                 RET   
(3028) 0000  0000000000000000 (  66) salvar1         .FILL x0000
(3029) 0000  0000000000000000 (  67) salvar2         .FILL x0000
