(0000) 3000  0011000000000000 (  10)                 .ORIG x3000
(3000) E005  1110000000000101 (  11)                 LEA   R0 array
(3001) 240A  0010010000001010 (  12)                 LD    R2 n1
(3002) E209  1110001000001001 (  13)                 LEA   R1 endA
(3003) 480B  0100100000001011 (  14)                 JSR   confrArr
(3004) 0E04  0000111000000100 (  15) stoqui          BRNZP stoqui
(3005) FFF6  1111111111110110 (  16) array           .FILL xFFF6
(3006) 000A  0000000000001010 (  17)                 .FILL x000A
(3007) 0005  0000000000000101 (  18)                 .FILL x0005
(3008) FFFB  1111111111111011 (  19)                 .FILL xFFFB
(3009) 0032  0000000000110010 (  20) endA            .FILL x0032
(300A) FFFB  1111111111111011 (  21) n1              .FILL xFFFB
(300B) 3423  0011010000100011 (  23) confrArr        ST    R2 salvar2
(300C) 3624  0011011000100100 (  24)                 ST    R3 salvar3
(300D) 3825  0011100000100101 (  25)                 ST    R4 salvar4
(300E) 5920  0101100100100000 (  27)                 AND   R4 R4 #0
(300F) 927F  1001001001111111 (  28)                 NOT   R1 R1
(3010) 1261  0001001001100001 (  30)                 ADD   R1 R1 #1
(3011) 94BF  1001010010111111 (  32)                 NOT   R2 R2
(3012) 14A1  0001010010100001 (  33)                 ADD   R2 R2 #1
(3013) 1601  0001011000000001 (  36) ciclo           ADD   R3 R0 R1
(3014) 021E  0000001000011110 (  37)                 BRP   nontrovato
(3015) 1921  0001100100100001 (  39)                 ADD   R4 R4 #1
(3016) 6600  0110011000000000 (  40)                 LDR   R3 R0 #0
(3017) 16C1  0001011011000001 (  41)                 ADD   R3 R3 R1
(3018) 041B  0000010000011011 (  42)                 BRZ   trovato
(3019) 1021  0001000000100001 (  43)                 ADD   R0 R0 #1
(301A) 0E13  0000111000010011 (  44)                 BRNZP ciclo
(301B) 5020  0101000000100000 (  46) trovato         AND   R0 R0 #0
(301C) 1004  0001000000000100 (  47)                 ADD   R0 R0 R4
(301D) 0E1F  0000111000011111 (  48)                 BRNZP fine
(301E) 5020  0101000000100000 (  49) nontrovato      AND   R0 R0 #0
(301F) 2423  0010010000100011 (  51) fine            LD    R2 salvar2
(3020) 2624  0010011000100100 (  52)                 LD    R3 salvar3
(3021) 2825  0010100000100101 (  53)                 LD    R4 salvar4
(3022) D000  1101000000000000 (  54)                 RET   
(3023) 0000  0000000000000000 (  57) salvar2         .FILL x0000
(3024) 0000  0000000000000000 (  58) salvar3         .FILL x0000
(3025) 0000  0000000000000000 (  60) salvar4         .FILL x0000
