(0000) 3000  0011000000000000 (   7)                 .ORIG x3000
(3000) E004  1110000000000100 (   8)                 LEA   R0 array
(3001) E208  1110001000001000 (   9)                 LEA   R1 endA
(3002) 4809  0100100000001001 (  10)                 JSR   decrescenti
(3003) 0E03  0000111000000011 (  11) stoqui          BRNZP stoqui
(3004) 000A  0000000000001010 (  12) array           .FILL x000A
(3005) 0014  0000000000010100 (  13)                 .FILL x0014
(3006) 001E  0000000000011110 (  14)                 .FILL x001E
(3007) 0028  0000000000101000 (  15)                 .FILL x0028
(3008) 0032  0000000000110010 (  16) endA            .FILL x0032
(3009) 3418  0011010000011000 (  18) decrescenti     ST    R2 salvar2
(300A) 3619  0011011000011001 (  19)                 ST    R3 salvar3
(300B) 6400  0110010000000000 (  21) ciclo           LDR   R2 R0 #0
(300C) 6640  0110011001000000 (  22)                 LDR   R3 R1 #0
(300D) 7440  0111010001000000 (  23)                 STR   R2 R1 #0
(300E) 7600  0111011000000000 (  24)                 STR   R3 R0 #0
(300F) 1021  0001000000100001 (  25)                 ADD   R0 R0 #1
(3010) 127F  0001001001111111 (  26)                 ADD   R1 R1 #-1
(3011) 947F  1001010001111111 (  27)                 NOT   R2 R1
(3012) 14A1  0001010010100001 (  28)                 ADD   R2 R2 #1
(3013) 1402  0001010000000010 (  29)                 ADD   R2 R0 R2
(3014) 080B  0000100000001011 (  30)                 BRN   ciclo
(3015) 2418  0010010000011000 (  32)                 LD    R2 salvar2
(3016) 2619  0010011000011001 (  33)                 LD    R3 salvar3
(3017) D000  1101000000000000 (  34)                 RET   
(3018) 0000  0000000000000000 (  37) salvar2         .FILL x0000
(3019) 0000  0000000000000000 (  39) salvar3         .FILL x0000
