(0000) 3000  0011000000000000 (   8)                 .ORIG x3000
(3000) E004  1110000000000100 (  10)                 LEA   R0 array
(3001) 2208  0010001000001000 (  11)                 LD    R1 str_val
(3002) 4809  0100100000001001 (  12)                 JSR   OR_ARRAY
(3003) 0E03  0000111000000011 (  14) STOP            BRNZP STOP
(3004) 0F0F  0000111100001111 (  17) array           .FILL x0F0F
(3005) 3333  0011001100110011 (  18)                 .FILL x3333
(3006) CCCC  1100110011001100 (  19)                 .FILL xCCCC
(3007) 0000  0000000000000000 (  20)                 .FILL x0000
(3008) F0F0  1111000011110000 (  21) str_val         .FILL xF0F0
(3009) 3415  0011010000010101 (  24) OR_ARRAY        ST    R2 sr2
(300A) 927F  1001001001111111 (  26)                 NOT   R1 R1
(300B) 6400  0110010000000000 (  28) CICLO           LDR   R2 R0 #0
(300C) 0413  0000010000010011 (  29)                 BRZ   fine
(300D) 94BF  1001010010111111 (  31)                 NOT   R2 R2
(300E) 5481  0101010010000001 (  32)                 AND   R2 R2 R1
(300F) 94BF  1001010010111111 (  33)                 NOT   R2 R2
(3010) 7400  0111010000000000 (  34)                 STR   R2 R0 #0
(3011) 1021  0001000000100001 (  35)                 ADD   R0 R0 #1
(3012) 0E0B  0000111000001011 (  36)                 BRNZP CICLO
(3013) 2415  0010010000010101 (  38) fine            LD    R2 sr2
(3014) D000  1101000000000000 (  39)                 RET   
(3015) 0000  0000000000000000 (  43) sr2             .FILL x0000
