(0000) 3000  0011000000000000 (   9)                 .ORIG x3000
(3000) E009  1110000000001001 (  10)                 LEA   R0 f1
(3001) E20F  1110001000001111 (  11)                 LEA   R1 endf1
(3002) 127E  0001001001111110 (  12)                 ADD   R1 R1 #-2
(3003) 4818  0100100000011000 (  13)                 JSR   CONTA_DOPPIE
(3004) E010  1110000000010000 (  14)                 LEA   R0 f2
(3005) E217  1110001000010111 (  15)                 LEA   R1 endf2
(3006) 127E  0001001001111110 (  16)                 ADD   R1 R1 #-2
(3007) 4818  0100100000011000 (  17)                 JSR   CONTA_DOPPIE
(3008) 0E08  0000111000001000 (  18) stop            BRNZP stop
(3009) 0061  0000000001100001 (  20) f1              .FILL x0061
(300A) 0061  0000000001100001 (  20)                 .FILL x0061
(300B) 0066  0000000001100110 (  20)                 .FILL x0066
(300C) 0062  0000000001100010 (  20)                 .FILL x0062
(300D) 0062  0000000001100010 (  20)                 .FILL x0062
(300E) 0000  0000000000000000 (  20)                 .FILL x0000
(300F) 0000  0000000000000000 (  22) endf1           .FILL x0000
(3010) 0061  0000000001100001 (  22) f2              .FILL x0061
(3011) 0061  0000000001100001 (  22)                 .FILL x0061
(3012) 0063  0000000001100011 (  22)                 .FILL x0063
(3013) 0076  0000000001110110 (  22)                 .FILL x0076
(3014) 0062  0000000001100010 (  22)                 .FILL x0062
(3015) 0062  0000000001100010 (  22)                 .FILL x0062
(3016) 0000  0000000000000000 (  22)                 .FILL x0000
(3017) 0000  0000000000000000 (  25) endf2           .FILL x0000
(3018) 3430  0011010000110000 (  25) CONTA_DOPPIE    ST    R2 sr2
(3019) 3631  0011011000110001 (  26)                 ST    R3 sr3
(301A) 3832  0011100000110010 (  27)                 ST    R4 sr4
(301B) 1420  0001010000100000 (  34)                 ADD   R2 R0 #0
(301C) 5020  0101000000100000 (  35)                 AND   R0 R0 #0
(301D) 927F  1001001001111111 (  36)                 NOT   R1 R1
(301E) 1261  0001001001100001 (  37)                 ADD   R1 R1 #1
(301F) 1681  0001011010000001 (  39) ciclo           ADD   R3 R2 R1
(3020) 062C  0000011000101100 (  40)                 BRZP  fine
(3021) 6680  0110011010000000 (  42)                 LDR   R3 R2 #0
(3022) 6881  0110100010000001 (  43)                 LDR   R4 R2 #1
(3023) 993F  1001100100111111 (  45)                 NOT   R4 R4
(3024) 1921  0001100100100001 (  46)                 ADD   R4 R4 #1
(3025) 16C4  0001011011000100 (  48)                 ADD   R3 R3 R4
(3026) 0A2A  0000101000101010 (  49)                 BRNP  diverse
(3027) 1021  0001000000100001 (  50)                 ADD   R0 R0 #1
(3028) 14A2  0001010010100010 (  51)                 ADD   R2 R2 #2
(3029) 0E1F  0000111000011111 (  52)                 BRNZP ciclo
(302A) 14A1  0001010010100001 (  54) diverse         ADD   R2 R2 #1
(302B) 0E1F  0000111000011111 (  55)                 BRNZP ciclo
(302C) 2430  0010010000110000 (  57) fine            LD    R2 sr2
(302D) 2631  0010011000110001 (  58)                 LD    R3 sr3
(302E) 2832  0010100000110010 (  59)                 LD    R4 sr4
(302F) D000  1101000000000000 (  60)                 RET   
(3030) 0000  0000000000000000 (  62) sr2             .FILL x0000
(3031) 0000  0000000000000000 (  63) sr3             .FILL x0000
(3032) 0000  0000000000000000 (  65) sr4             .FILL x0000
