(0000) 3000  0011000000000000 (   9)                 .ORIG x3000
(3000) 2007  0010000000000111 (  10)                 LD    R0 num1
(3001) 480A  0100100000001010 (  11)                 JSR   FIBONACCI
(3002) 2008  0010000000001000 (  13)                 LD    R0 num2
(3003) 480A  0100100000001010 (  14)                 JSR   FIBONACCI
(3004) 2009  0010000000001001 (  16)                 LD    R0 num3
(3005) 480A  0100100000001010 (  17)                 JSR   FIBONACCI
(3006) 0E06  0000111000000110 (  18) stop            BRNZP stop
(3007) 000A  0000000000001010 (  20) num1            .FILL x000A
(3008) 0002  0000000000000010 (  21) num2            .FILL x0002
(3009) FFFC  1111111111111100 (  22) num3            .FILL xFFFC
(300A) 5000  0101000000000000 (  27) FIBONACCI       AND   R0 R0 R0
(300B) 0820  0000100000100000 (  28)                 BRN   R0zero
(300C) 0421  0000010000100001 (  29)                 BRZ   fine
(300D) 103E  0001000000111110 (  31)                 ADD   R0 R0 #-2
(300E) 0212  0000001000010010 (  32)                 BRP   nouno
(300F) 5020  0101000000100000 (  33)                 AND   R0 R0 #0
(3010) 1021  0001000000100001 (  34)                 ADD   R0 R0 #1
(3011) 0E21  0000111000100001 (  35)                 BRNZP fine
(3012) 3225  0011001000100101 (  38) nouno           ST    R1 sr1
(3013) 3426  0011010000100110 (  39)                 ST    R2 sr2
(3014) 3627  0011011000100111 (  40)                 ST    R3 sr3
(3015) 5260  0101001001100000 (  41)                 AND   R1 R1 #0
(3016) 1261  0001001001100001 (  42)                 ADD   R1 R1 #1
(3017) 1460  0001010001100000 (  43)                 ADD   R2 R1 #0
(3018) 1642  0001011001000010 (  46) ciclo           ADD   R3 R1 R2
(3019) 103F  0001000000111111 (  47)                 ADD   R0 R0 #-1
(301A) 041E  0000010000011110 (  48)                 BRZ   fineciclo
(301B) 1460  0001010001100000 (  49)                 ADD   R2 R1 #0
(301C) 12E0  0001001011100000 (  50)                 ADD   R1 R3 #0
(301D) 0E18  0000111000011000 (  51)                 BRNZP ciclo
(301E) 10E0  0001000011100000 (  53) fineciclo       ADD   R0 R3 #0
(301F) 0E21  0000111000100001 (  54)                 BRNZP fine
(3020) 5020  0101000000100000 (  56) R0zero          AND   R0 R0 #0
(3021) 2225  0010001000100101 (  58) fine            LD    R1 sr1
(3022) 2426  0010010000100110 (  59)                 LD    R2 sr2
(3023) 2627  0010011000100111 (  60)                 LD    R3 sr3
(3024) D000  1101000000000000 (  61)                 RET   
(3025) 0000  0000000000000000 (  63) sr1             .FILL x0000
(3026) 0000  0000000000000000 (  64) sr2             .FILL x0000
(3027) 0000  0000000000000000 (  66) sr3             .FILL x0000
