(0000) 3000  0011000000000000 (   6)                 .ORIG x3000
(3000) 2009  0010000000001001 (   7)                 LD    R0 n1
(3001) 480D  0100100000001101 (   8)                 JSR   trovacomplemento
(3002) 200A  0010000000001010 (   9)                 LD    R0 n2
(3003) 480D  0100100000001101 (  10)                 JSR   trovacomplemento
(3004) 200B  0010000000001011 (  11)                 LD    R0 n3
(3005) 480D  0100100000001101 (  12)                 JSR   trovacomplemento
(3006) 200C  0010000000001100 (  13)                 LD    R0 n4
(3007) 480D  0100100000001101 (  14)                 JSR   trovacomplemento
(3008) 0E08  0000111000001000 (  15) stoqui          BRNZP stoqui
(3009) 33FA  0011001111111010 (  17) n1              .FILL x33FA
(300A) 84AE  1000010010101110 (  18) n2              .FILL x84AE
(300B) 8000  1000000000000000 (  19) n3              .FILL x8000
(300C) 0000  0000000000000000 (  20) n4              .FILL x0000
(300D) 3216  0011001000010110 (  22) trovacomplemento ST    R1 salvar1
(300E) 2217  0010001000010111 (  23)                 LD    R1 mask
(300F) 1020  0001000000100000 (  24)                 ADD   R0 R0 #0
(3010) 0615  0000011000010101 (  25)                 BRZP  fine
(3011) 5001  0101000000000001 (  26) neg             AND   R0 R0 R1
(3012) 903F  1001000000111111 (  27)                 NOT   R0 R0
(3013) 1021  0001000000100001 (  28)                 ADD   R0 R0 #1
(3014) 2216  0010001000010110 (  29)                 LD    R1 salvar1
(3015) D000  1101000000000000 (  30) fine            RET   
(3016) 0000  0000000000000000 (  32) salvar1         .FILL x0000
(3017) 7FFF  0111111111111111 (  32) mask            .FILL x7FFF
