(0000) 3000  0011000000000000 (   7)                 .ORIG x3000
(3000) E004  1110000000000100 (   8)                 LEA   R0 array
(3001) E209  1110001000001001 (   9)                 LEA   R1 copy
(3002) 480A  0100100000001010 (  10)                 JSR   ROVESCIA_ARRAY
(3003) 0E03  0000111000000011 (  11) stop            BRNZP stop
(3004) 000C  0000000000001100 (  12) array           .FILL x000C
(3005) 000A  0000000000001010 (  13)                 .FILL x000A
(3006) 0008  0000000000001000 (  14)                 .FILL x0008
(3007) 0004  0000000000000100 (  15)                 .FILL x0004
(3008) 0000  0000000000000000 (  16)                 .FILL x0000
(3009) 0000  0000000000000000 (  19) copy            .FILL x0000
(300A) 341B  0011010000011011 (  19) ROVESCIA_ARRAY  ST    R2 sr2
(300B) 361C  0011011000011100 (  20)                 ST    R3 sr3
(300C) 56E0  0101011011100000 (  22)                 AND   R3 R3 #0
(300D) 6400  0110010000000000 (  24) ciclo           LDR   R2 R0 #0
(300E) 0412  0000010000010010 (  25)                 BRZ   riempiCopy
(300F) 16E1  0001011011100001 (  26)                 ADD   R3 R3 #1
(3010) 1020  0001000000100000 (  27)                 ADD   R0 R0 #0
(3011) 0E0D  0000111000001101 (  28)                 BRNZP ciclo
(3012) 103F  0001000000111111 (  30) riempiCopy      ADD   R0 R0 #-1
(3013) 6400  0110010000000000 (  31)                 LDR   R2 R0 #0
(3014) 7440  0111010001000000 (  32)                 STR   R2 R1 #0
(3015) 1261  0001001001100001 (  33)                 ADD   R1 R1 #1
(3016) 16FF  0001011011111111 (  34)                 ADD   R3 R3 #-1
(3017) 0A12  0000101000010010 (  35)                 BRNP  riempiCopy
(3018) 341B  0011010000011011 (  38)                 ST    R2 sr2
(3019) 361C  0011011000011100 (  39)                 ST    R3 sr3
(301A) D000  1101000000000000 (  40)                 RET   
(301B) 0000  0000000000000000 (  42) sr2             .FILL x0000
(301C) 0000  0000000000000000 (  44) sr3             .FILL x0000
