(0000) 3000  0011000000000000 (   8)                 .ORIG x3000
(3000) E004  1110000000000100 (   9)                 LEA   R0 array
(3001) 2209  0010001000001001 (  10)                 LD    R1 n1
(3002) 480A  0100100000001010 (  11)                 JSR   confrArr
(3003) 0E03  0000111000000011 (  12) stoqui          BRNZP stoqui
(3004) FFF6  1111111111110110 (  13) array           .FILL xFFF6
(3005) 000A  0000000000001010 (  14)                 .FILL x000A
(3006) 0005  0000000000000101 (  15)                 .FILL x0005
(3007) FFFB  1111111111111011 (  16)                 .FILL xFFFB
(3008) 0000  0000000000000000 (  17)                 .FILL x0000
(3009) FFFB  1111111111111011 (  18) n1              .FILL xFFFB
(300A) 3625  0011011000100101 (  22) confrArr        ST    R3 salvar3
(300B) 3426  0011010000100110 (  23)                 ST    R2 salvar2
(300C) 3827  0011100000100111 (  24)                 ST    R4 salvar4
(300D) 3228  0011001000101000 (  25)                 ST    R1 salvar1
(300E) 5920  0101100100100000 (  27)                 AND   R4 R4 #0
(300F) 54A0  0101010010100000 (  28)                 AND   R2 R2 #0
(3010) 56E0  0101011011100000 (  29)                 AND   R3 R3 #0
(3011) 1260  0001001001100000 (  31)                 ADD   R1 R1 #0
(3012) 041F  0000010000011111 (  32)                 BRZ   sezero
(3013) 927F  1001001001111111 (  34)                 NOT   R1 R1
(3014) 1261  0001001001100001 (  35)                 ADD   R1 R1 #1
(3015) 6800  0110100000000000 (  37) ciclo           LDR   R4 R0 #0
(3016) 041F  0000010000011111 (  38)                 BRZ   sezero
(3017) 16E1  0001011011100001 (  39)                 ADD   R3 R3 #1
(3018) 1501  0001010100000001 (  40)                 ADD   R2 R4 R1
(3019) 041C  0000010000011100 (  41)                 BRZ   uguali
(301A) 1021  0001000000100001 (  42)                 ADD   R0 R0 #1
(301B) 0A15  0000101000010101 (  43)                 BRNP  ciclo
(301C) 5020  0101000000100000 (  45) uguali          AND   R0 R0 #0
(301D) 1003  0001000000000011 (  46)                 ADD   R0 R0 R3
(301E) 0E20  0000111000100000 (  47)                 BRNZP fine
(301F) 5020  0101000000100000 (  51) sezero          AND   R0 R0 #0
(3020) 2625  0010011000100101 (  52) fine            LD    R3 salvar3
(3021) 2827  0010100000100111 (  53)                 LD    R4 salvar4
(3022) 2426  0010010000100110 (  54)                 LD    R2 salvar2
(3023) 2228  0010001000101000 (  55)                 LD    R1 salvar1
(3024) D000  1101000000000000 (  56)                 RET   
(3025) 0000  0000000000000000 (  58) salvar3         .FILL x0000
(3026) 0000  0000000000000000 (  59) salvar2         .FILL x0000
(3027) 0000  0000000000000000 (  60) salvar4         .FILL x0000
(3028) 0000  0000000000000000 (  62) salvar1         .FILL x0000
