(0000) 3000  0011000000000000 (  11)                 .ORIG x3000
(3000) E004  1110000000000100 (  12)                 LEA   R0 ARRAY
(3001) 220B  0010001000001011 (  13)                 LD    R1 NUM
(3002) 480C  0100100000001100 (  14)                 JSR   CONTA_MIN_UGU_MAG
(3003) 0E03  0000111000000011 (  16) stoqui          BRNZP stoqui
(3004) 0070  0000000001110000 (  18) ARRAY           .FILL x0070
(3005) FFE5  1111111111100101 (  19)                 .FILL xFFE5
(3006) FFF4  1111111111110100 (  20)                 .FILL xFFF4
(3007) FFEC  1111111111101100 (  21)                 .FILL xFFEC
(3008) FFF4  1111111111110100 (  22)                 .FILL xFFF4
(3009) FFF1  1111111111110001 (  23)                 .FILL xFFF1
(300A) 0000  0000000000000000 (  24)                 .FILL x0000
(300B) FFF4  1111111111110100 (  25) NUM             .FILL xFFF4
(300C) 3626  0011011000100110 (  27) CONTA_MIN_UGU_MAG ST    R3 SR3
(300D) 3827  0011100000100111 (  28)                 ST    R4 SR4
(300E) 3A28  0011101000101000 (  29)                 ST    R5 SR6
(300F) 54A0  0101010010100000 (  31)                 AND   R2 R2 #0
(3010) 56E0  0101011011100000 (  32)                 AND   R3 R3 #0
(3011) 5920  0101100100100000 (  33)                 AND   R4 R4 #0
(3012) 927F  1001001001111111 (  34)                 NOT   R1 R1
(3013) 1261  0001001001100001 (  35)                 ADD   R1 R1 #1
(3014) 6C00  0110110000000000 (  37) CICLO           LDR   R6 R0 #0
(3015) 0420  0000010000100000 (  38)                 BRZ   FINE
(3016) 1D81  0001110110000001 (  40)                 ADD   R6 R6 R1
(3017) 041B  0000010000011011 (  41)                 BRZ   UGUALI
(3018) 021D  0000001000011101 (  42)                 BRP   MAGGIORE
(3019) 16E1  0001011011100001 (  43)                 ADD   R3 R3 #1
(301A) 0E1E  0000111000011110 (  44)                 BRNZP NEXT
(301B) 1921  0001100100100001 (  45) UGUALI          ADD   R4 R4 #1
(301C) 0E1E  0000111000011110 (  46)                 BRNZP NEXT
(301D) 14A1  0001010010100001 (  48) MAGGIORE        ADD   R2 R2 #1
(301E) 1021  0001000000100001 (  50) NEXT            ADD   R0 R0 #1
(301F) 0E14  0000111000010100 (  51)                 BRNZP CICLO
(3020) 10E0  0001000011100000 (  53) FINE            ADD   R0 R3 #0
(3021) 1320  0001001100100000 (  54)                 ADD   R1 R4 #0
(3022) 2626  0010011000100110 (  55)                 LD    R3 SR3
(3023) 2827  0010100000100111 (  56)                 LD    R4 SR4
(3024) 2A28  0010101000101000 (  57)                 LD    R5 SR6
(3025) D000  1101000000000000 (  58)                 RET   
(3026) 0000  0000000000000000 (  60) SR3             .FILL x0000
(3027) 0000  0000000000000000 (  61) SR4             .FILL x0000
(3028) 0000  0000000000000000 (  63) SR6             .FILL x0000
